bash: tools/test-suite.sh: No such file or directory
