// Vitest Snapshot v1, https://vitest.dev/guide/snapshot.html

exports[`catalogLoader - Static Catalog Loading > API Contract Snapshots > should ensure catalog structure matches API contract 1`] = `
{
  "brand_color": undefined,
  "brand_id": "roland",
  "brand_identity": {
    "description": "Roland Corporation is a leading manufacturer of music instruments",
    "id": "roland",
    "logo_url": "https://example.com/roland-logo.png",
    "name": "Roland Corporation",
    "website": "https://www.roland.com",
  },
  "brand_name": "Roland Corporation",
  "brand_website": "https://www.roland.com",
  "description": "Roland Corporation is a leading manufacturer of music instruments",
  "logo_url": "https://example.com/roland-logo.png",
  "products": [
    {
      "accessories": undefined,
      "brand": "roland",
      "category": "Synthesizers",
      "description": "Premium electronic drum kit with mesh heads and superior sound engine",
      "features": [
        "Full mesh heads for realistic feel",
        "TD-17 sound module with 310 sounds",
        "USB audio/MIDI connectivity",
        "Bluetooth audio streaming",
      ],
      "id": "roland-juno-ds",
      "image_url": "https://example.com/td-17kvx.jpg",
      "images": [
        {
          "type": "main",
          "url": "https://example.com/td-17kvx.jpg",
        },
        {
          "type": "thumbnail",
          "url": "https://example.com/td-17kvx-thumb.jpg",
        },
      ],
      "logo_url": "https://example.com/roland-logo.png",
      "main_category": "Synthesizers",
      "name": "Juno-DS Synthesizer",
      "necessities": undefined,
      "official_gallery": [],
      "official_manuals": undefined,
      "pricing": {
        "currency": "ILS",
        "eilat_price": 7225,
        "regular_price": 5500,
        "sale_price": 9500,
      },
      "related": undefined,
      "sku": "ROLAND-JUNODS-IL",
      "specifications": {
        "connectivity": "USB, MIDI, Bluetooth",
        "pads": "Mesh heads",
        "sounds": "310",
      },
      "status": "IN_STOCK",
      "url": undefined,
      "verified": true,
    },
    {
      "accessories": undefined,
      "brand": "roland",
      "category": "Electronic Drums",
      "description": "Premium electronic drum kit with mesh heads and superior sound engine",
      "features": [
        "Full mesh heads for realistic feel",
        "TD-17 sound module with 310 sounds",
        "USB audio/MIDI connectivity",
        "Bluetooth audio streaming",
      ],
      "id": "roland-td-17kvx",
      "image_url": "https://example.com/td-17kvx.jpg",
      "images": [
        {
          "type": "main",
          "url": "https://example.com/td-17kvx.jpg",
        },
        {
          "type": "thumbnail",
          "url": "https://example.com/td-17kvx-thumb.jpg",
        },
      ],
      "logo_url": "https://example.com/roland-logo.png",
      "main_category": "Electronic Drums",
      "name": "TD-17KVX V-Drums Electronic Drum Kit",
      "necessities": undefined,
      "official_gallery": [],
      "official_manuals": undefined,
      "pricing": {
        "currency": "ILS",
        "eilat_price": 7225,
        "regular_price": 8500,
        "sale_price": 9500,
      },
      "related": undefined,
      "sku": "ROLAND-TD17KVX-IL",
      "specifications": {
        "connectivity": "USB, MIDI, Bluetooth",
        "pads": "Mesh heads",
        "sounds": "310",
      },
      "status": "IN_STOCK",
      "url": undefined,
      "verified": true,
    },
    {
      "accessories": undefined,
      "brand": "roland",
      "category": "Electronic Drums",
      "description": "Premium electronic drum kit with mesh heads and superior sound engine",
      "features": [
        "Full mesh heads for realistic feel",
        "TD-17 sound module with 310 sounds",
        "USB audio/MIDI connectivity",
        "Bluetooth audio streaming",
      ],
      "id": "roland-td-27",
      "image_url": "https://example.com/td-17kvx.jpg",
      "images": [
        {
          "type": "main",
          "url": "https://example.com/td-17kvx.jpg",
        },
        {
          "type": "thumbnail",
          "url": "https://example.com/td-17kvx-thumb.jpg",
        },
      ],
      "logo_url": "https://example.com/roland-logo.png",
      "main_category": "Electronic Drums",
      "name": "TD-27 V-Drums Electronic Drum Kit",
      "necessities": undefined,
      "official_gallery": [],
      "official_manuals": undefined,
      "pricing": {
        "currency": "ILS",
        "eilat_price": 7225,
        "regular_price": 12000,
        "sale_price": 9500,
      },
      "related": undefined,
      "sku": "ROLAND-TD27-IL",
      "specifications": {
        "connectivity": "USB, MIDI, Bluetooth",
        "pads": "Mesh heads",
        "sounds": "310",
      },
      "status": "IN_STOCK",
      "url": undefined,
      "verified": true,
    },
  ],
  "secondary_color": undefined,
}
`;
